[demo.phlox.pro/business-2/index.html]
[backblue.gif]
[fade.gif]
[index.html]
[demo.phlox.pro/business-2/wp-content/cache/autoptimize/57/css/autoptimize_4978d3ddf682d877c7c3100399a706c7.css]
[demo.phlox.pro/business-2/wp-content/cache/autoptimize/57/css/autoptimize_single_94e30c8ac6d1a050dd4075e58f23d254.css]
[demo.phlox.pro/business-2/feed/index.html]
[demo.phlox.pro/business-2/wp-content/cache/autoptimize/57/css/autoptimize_single_eb3a75a396c9db1cca920c69829cf440.css]
[demo.phlox.pro/business-2/wp-content/cache/autoptimize/57/css/autoptimize_single_ef7170d6c76c3c8245478317598e51ae.css]
[demo.phlox.pro/business-2/wp-content/cache/autoptimize/57/css/autoptimize_single_1c1377bd80a940d79daf562106f56bb8.css]
[demo.phlox.pro/business-2/comments/feed/index.html]
[demo.phlox.pro/business-2/wp-content/cache/autoptimize/57/css/autoptimize_single_818ae693cc29500cc791640756d6e98d.css]
[demo.phlox.pro/business-2/wp-content/cache/autoptimize/57/css/autoptimize_single_0b03a68012110398b991d99971705c26.css]
[demo.phlox.pro/business-2/wp-includes/js/jquery/jquery.min.js]
[cdnjs.cloudflare.com/ajax/libs/gsap/1.11.2/TweenMax.min.js]
[demo.phlox.pro/business-2/wp-json/index.html]
[demo.phlox.pro/business-2/index.html]
[demo.phlox.pro/business-2/wp-content/cache/autoptimize/57/css/autoptimize_4978d3ddf682d877c7c3100399a706c7.css]
[demo.phlox.pro/business-2/wp-content/cache/autoptimize/57/css/autoptimize_single_94e30c8ac6d1a050dd4075e58f23d254.css]
[demo.phlox.pro/business-2/wp-content/cache/autoptimize/57/css/autoptimize_single_eb3a75a396c9db1cca920c69829cf440.css]
[demo.phlox.pro/business-2/wp-content/cache/autoptimize/57/css/autoptimize_single_ef7170d6c76c3c8245478317598e51ae.css]
[demo.phlox.pro/business-2/wp-content/cache/autoptimize/57/css/autoptimize_single_1c1377bd80a940d79daf562106f56bb8.css]
[demo.phlox.pro/business-2/wp-content/cache/autoptimize/57/css/autoptimize_single_818ae693cc29500cc791640756d6e98d.css]
[demo.phlox.pro/business-2/wp-content/cache/autoptimize/57/css/autoptimize_single_0b03a68012110398b991d99971705c26.css]
[demo.phlox.pro/business-2/wp-json/wp/v2/pages/831.html]
